// Jest Snapshot v1, https://goo.gl/fbAQLP

exports[`ButtonComponent matches snapshot 1`] = `
<span
  class=""
  role="button"
>
  <div />
</span>
`;
