// Jest Snapshot v1, https://goo.gl/fbAQLP

exports[`IconButtonComponent renders with all props correctly 1`] = `
<div
  class="custom-class-name"
  role="button"
>
  <img
    draggable="false"
    src="imgSrc"
  />
  <div>
    <div>
      Text
    </div>
  </div>
</div>
`;
