// Jest Snapshot v1, https://goo.gl/fbAQLP

exports[`Sound Editor Component matches snapshot 1`] = `
<div>
  <div>
    <div>
      <label>
        <span>
          Sound
        </span>
        <input
          class=""
          tabindex="1"
          type="text"
          value="sound name"
        />
      </label>
      <div>
        <button
          title="Undo"
        >
          <img
            draggable="false"
            src="test-file-stub"
          />
        </button>
        <button
          title="Redo"
        >
          <img
            draggable="false"
            src="test-file-stub"
          />
        </button>
      </div>
    </div>
    <div>
      <div
        class=""
        role="button"
      >
        <img
          draggable="false"
          src="test-file-stub"
        />
        <div>
          Copy
        </div>
      </div>
      <div
        class=""
        role="button"
      >
        <img
          draggable="false"
          src="test-file-stub"
        />
        <div>
          Paste
        </div>
      </div>
      <div
        class=""
        role="button"
      >
        <img
          draggable="false"
          src="test-file-stub"
        />
        <div>
          Copy to New
        </div>
      </div>
    </div>
    <div
      class=""
      role="button"
    >
      <img
        draggable="false"
        src="test-file-stub"
      />
      <div>
        Delete
      </div>
    </div>
  </div>
  <div>
    <div>
      <svg
        viewBox="0 0 600 160"
      >
        <g
          transform="scale(1, -1) translate(0, -80)"
        >
          <path
            d="M0 0Q0 80 150 120 Q300 160 450 200 Q600 240 600 0 Q600 -240 450 -200 Q300 -160 150 -120 Q0 -80 0 0Z"
            stroke-linejoin="round"
            stroke-width="1"
          />
        </g>
      </svg>
      <div
        class=""
      >
        <div
          class=""
          style="width: 60.00000000000001%; left: 20%;"
        >
          <div
            class=""
          />
          <div
            class=""
          >
            <div
              class=""
            >
              <img
                draggable="false"
                src="test-file-stub"
              />
            </div>
            <div
              class=""
            >
              <img
                draggable="false"
                src="test-file-stub"
              />
            </div>
          </div>
          <div
            class=""
          >
            <div
              class=""
            >
              <img
                draggable="false"
                src="test-file-stub"
              />
            </div>
            <div
              class=""
            >
              <img
                draggable="false"
                src="test-file-stub"
              />
            </div>
          </div>
        </div>
        <div>
          <div
            class=""
            style="transform: translateX(50%);"
          />
        </div>
      </div>
    </div>
  </div>
  <div
    class=""
  >
    <div>
      <button
        class=""
        title="Stop"
      >
        <img
          draggable="false"
          src="test-file-stub"
        />
      </button>
    </div>
    <div
      class=""
      role="button"
    >
      <img
        draggable="false"
        src="test-file-stub"
      />
      <div>
        Faster
      </div>
    </div>
    <div
      class=""
      role="button"
    >
      <img
        draggable="false"
        src="test-file-stub"
      />
      <div>
        Slower
      </div>
    </div>
    <div
      class=""
      role="button"
    >
      <img
        draggable="false"
        src="test-file-stub"
      />
      <div>
        Louder
      </div>
    </div>
    <div
      class=""
      role="button"
    >
      <img
        draggable="false"
        src="test-file-stub"
      />
      <div>
        Softer
      </div>
    </div>
    <div
      class=""
      role="button"
    >
      <img
        draggable="false"
        src="test-file-stub"
      />
      <div>
        Mute
      </div>
    </div>
    <div
      class=""
      role="button"
    >
      <img
        draggable="false"
        src="test-file-stub"
      />
      <div>
        Fade in
      </div>
    </div>
    <div
      class=""
      role="button"
    >
      <img
        draggable="false"
        src="test-file-stub"
      />
      <div>
        Fade out
      </div>
    </div>
    <div
      class=""
      role="button"
    >
      <img
        draggable="false"
        src="test-file-stub"
      />
      <div>
        Reverse
      </div>
    </div>
    <div
      class=""
      role="button"
    >
      <img
        draggable="false"
        src="test-file-stub"
      />
      <div>
        Robot
      </div>
    </div>
  </div>
</div>
`;
